../Core/Src/main.c:197:6:readIICEEPROM_2402C	24	static
../Core/Src/main.c:201:6:writeIICEEPROM_2402C	32	static
../Core/Src/main.c:247:6:initialBootloaderParameter	8	static,ignoring_inline_asm
../Core/Src/main.c:256:6:initialADS1256DataBuffer	4	static
../Core/Src/main.c:266:6:InitialSetFreqStatisticBand	4	static
../Core/Src/main.c:280:6:InitialDelayFunction	8	static
../Core/Src/main.c:288:6:InitialADS1256Register	16	static
../Core/Src/main.c:334:5:main	104	static
../Core/Src/main.c:456:6:SystemClock_Config	232	static
../Core/Src/main.c:516:13:MX_I2C2_Init	8	static
../Core/Src/main.c:562:13:MX_IWDG_Init	8	static
../Core/Src/main.c:591:13:MX_SPI1_Init	8	static
../Core/Src/main.c:631:13:MX_USART6_UART_Init	8	static
../Core/Src/main.c:664:13:MX_DMA_Init	16	static
../Core/Src/main.c:688:13:MX_GPIO_Init	48	static
../Core/Src/main.c:741:6:HAL_GPIO_EXTI_Callback	24	static,ignoring_inline_asm
../Core/Src/main.c:787:6:HAL_UART_RxCpltCallback	24	static
../Core/Src/main.c:833:6:ADC_Thread	24	static
../Core/Src/main.c:865:6:FFT_Thread	64	static,ignoring_inline_asm
../Core/Src/main.c:1115:6:Error_Handler	4	static
