../Core/Src/stm32f7xx_it.c:75:6:NMI_Handler	4	static
../Core/Src/stm32f7xx_it.c:88:6:HardFault_Handler	4	static
../Core/Src/stm32f7xx_it.c:103:6:MemManage_Handler	4	static
../Core/Src/stm32f7xx_it.c:118:6:BusFault_Handler	4	static
../Core/Src/stm32f7xx_it.c:133:6:UsageFault_Handler	4	static
../Core/Src/stm32f7xx_it.c:148:6:DebugMon_Handler	4	static
../Core/Src/stm32f7xx_it.c:161:6:SysTick_Handler	8	static
../Core/Src/stm32f7xx_it.c:190:6:EXTI3_IRQHandler	8	static
../Core/Src/stm32f7xx_it.c:204:6:DMA2_Stream0_IRQHandler	8	static
../Core/Src/stm32f7xx_it.c:218:6:DMA2_Stream3_IRQHandler	8	static
../Core/Src/stm32f7xx_it.c:232:6:DMA2_Stream6_IRQHandler	8	static
../Core/Src/stm32f7xx_it.c:246:6:USART6_IRQHandler	8	static
