main.c:192:6:readIICEEPROM_2402C	24	static
main.c:196:6:writeIICEEPROM_2402C	32	static
main.c:223:5:main	168	static,ignoring_inline_asm
main.c:396:6:SystemClock_Config	88	static
main.c:441:13:MX_I2C1_Init	8	static
main.c:475:13:MX_I2C2_Init	8	static
main.c:509:13:MX_IWDG_Init	8	static
main.c:537:13:MX_SPI1_Init	8	static
main.c:575:13:MX_USART6_UART_Init	8	static
main.c:606:13:MX_DMA_Init	16	static
main.c:634:13:MX_GPIO_Init	48	static
main.c:684:6:HAL_UART_RxCpltCallback	16	static
main.c:701:6:I2C1_EV_IRQHandler	8	static
main.c:871:6:HAL_GPIO_EXTI_Callback	24	static,ignoring_inline_asm
main.c:901:6:ADC_Thread	24	static
main.c:965:6:FFT_Thread	24	static
main.c:1120:6:LED_Thread	16	static
main.c:1141:6:StartTask04	16	static
main.c:1156:6:Error_Handler	4	static
